{
  "version": "1.5.0",
  "plugins_used": [
    {
      "name": "ArtifactoryDetector"
    },
    {
      "name": "AWSKeyDetector"
    },
    {
      "name": "AzureStorageKeyDetector"
    },
    {
      "name": "Base64HighEntropyString",
      "limit": 4.5
    },
    {
      "name": "BasicAuthDetector"
    },
    {
      "name": "CloudantDetector"
    },
    {
      "name": "DiscordBotTokenDetector"
    },
    {
      "name": "GitHubTokenDetector"
    },
    {
      "name": "GitLabTokenDetector"
    },
    {
      "name": "HexHighEntropyString",
      "limit": 3.0
    },
    {
      "name": "IbmCloudIamDetector"
    },
    {
      "name": "IbmCosHmacDetector"
    },
    {
      "name": "IPPublicDetector"
    },
    {
      "name": "JwtTokenDetector"
    },
    {
      "name": "KeywordDetector",
      "keyword_exclude": ""
    },
    {
      "name": "MailchimpDetector"
    },
    {
      "name": "NpmDetector"
    },
    {
      "name": "OpenAIDetector"
    },
    {
      "name": "PrivateKeyDetector"
    },
    {
      "name": "PypiTokenDetector"
    },
    {
      "name": "SendGridDetector"
    },
    {
      "name": "SlackDetector"
    },
    {
      "name": "SoftlayerDetector"
    },
    {
      "name": "SquareOAuthDetector"
    },
    {
      "name": "StripeDetector"
    },
    {
      "name": "TelegramBotTokenDetector"
    },
    {
      "name": "TwilioKeyDetector"
    }
  ],
  "filters_used": [
    {
      "path": "detect_secrets.filters.allowlist.is_line_allowlisted"
    },
    {
      "path": "detect_secrets.filters.common.is_baseline_file",
      "filename": ".secrets.baseline"
    },
    {
      "path": "detect_secrets.filters.common.is_ignored_due_to_verification_policies",
      "min_level": 2
    },
    {
      "path": "detect_secrets.filters.heuristic.is_indirect_reference"
    },
    {
      "path": "detect_secrets.filters.heuristic.is_likely_id_string"
    },
    {
      "path": "detect_secrets.filters.heuristic.is_lock_file"
    },
    {
      "path": "detect_secrets.filters.heuristic.is_not_alphanumeric_string"
    },
    {
      "path": "detect_secrets.filters.heuristic.is_potential_uuid"
    },
    {
      "path": "detect_secrets.filters.heuristic.is_prefixed_with_dollar_sign"
    },
    {
      "path": "detect_secrets.filters.heuristic.is_sequential_string"
    },
    {
      "path": "detect_secrets.filters.heuristic.is_swagger_file"
    },
    {
      "path": "detect_secrets.filters.heuristic.is_templated_secret"
    }
  ],
  "results": {
    ".env.example": [
      {
        "type": "Secret Keyword",
        "filename": ".env.example",
        "hashed_secret": "1e3667aaaaa887721550cf5cc8a0c5c5760810ed",
        "is_verified": false,
        "line_number": 6,
        "is_secret": false
      },
      {
        "type": "Secret Keyword",
        "filename": ".env.example",
        "hashed_secret": "373ab2d7033563100e472f1fba5249e99ea45a76",
        "is_verified": false,
        "line_number": 16,
        "is_secret": false
      }
    ],
    "data/ucaas_endpoints.json": [
      {
        "type": "Hex High Entropy String",
        "filename": "data/ucaas_endpoints.json",
        "hashed_secret": "50ba3368f9b9eb0e691593b06b267a80c73c1e6b",
        "is_verified": false,
        "line_number": 110,
        "is_secret": false
      },
      {
        "type": "Hex High Entropy String",
        "filename": "data/ucaas_endpoints.json",
        "hashed_secret": "2f4a850bab441c9e886b0d450a284f563e10df0b",
        "is_verified": false,
        "line_number": 259,
        "is_secret": false
      },
      {
        "type": "Hex High Entropy String",
        "filename": "data/ucaas_endpoints.json",
        "hashed_secret": "a301587e03d2dac91b8a93e902aed8afdfe3c6b5",
        "is_verified": false,
        "line_number": 389,
        "is_secret": false
      },
      {
        "type": "Hex High Entropy String",
        "filename": "data/ucaas_endpoints.json",
        "hashed_secret": "a8fa08f0bd1820712769fa18f8d51d34e775c1fd",
        "is_verified": false,
        "line_number": 483,
        "is_secret": false
      },
      {
        "type": "Hex High Entropy String",
        "filename": "data/ucaas_endpoints.json",
        "hashed_secret": "54d7a93e839634551edd82cfe6492165aeb20233",
        "is_verified": false,
        "line_number": 487,
        "is_secret": false
      },
      {
        "type": "Hex High Entropy String",
        "filename": "data/ucaas_endpoints.json",
        "hashed_secret": "2871d7ac343c54d73a25b66ab699753025118370",
        "is_verified": false,
        "line_number": 488,
        "is_secret": false
      },
      {
        "type": "Hex High Entropy String",
        "filename": "data/ucaas_endpoints.json",
        "hashed_secret": "dba7e0651e388f4707c0f49c7193990b822b9d43",
        "is_verified": false,
        "line_number": 489,
        "is_secret": false
      },
      {
        "type": "Hex High Entropy String",
        "filename": "data/ucaas_endpoints.json",
        "hashed_secret": "0f24e46d5bfa9122ab2558b34ac1f76387b0e733",
        "is_verified": false,
        "line_number": 490,
        "is_secret": false
      },
      {
        "type": "Hex High Entropy String",
        "filename": "data/ucaas_endpoints.json",
        "hashed_secret": "99a4841cfdba907d92fe8bb65196d72688dfd3fa",
        "is_verified": false,
        "line_number": 491,
        "is_secret": false
      },
      {
        "type": "Hex High Entropy String",
        "filename": "data/ucaas_endpoints.json",
        "hashed_secret": "497bc1cfe0d8926e1e7a08510f90da2e0f2571f3",
        "is_verified": false,
        "line_number": 492,
        "is_secret": false
      }
    ],
    "site_reference.py": [
      {
        "type": "Secret Keyword",
        "filename": "site_reference.py",
        "hashed_secret": "4b468ec67f3254a8c0ce3e6641f864bc844a75e5",
        "is_verified": false,
        "line_number": 67,
        "is_secret": false
      }
    ],
    "tests/test_connection_file.py": [
      {
        "type": "Secret Keyword",
        "filename": "tests/test_connection_file.py",
        "hashed_secret": "9f8e7fa0b65cb06ddb80c128c87ce079159c5e24",
        "is_verified": false,
        "line_number": 16,
        "is_secret": false
      },
      {
        "type": "Secret Keyword",
        "filename": "tests/test_connection_file.py",
        "hashed_secret": "3f6e4e9310396ace264b3097cf5c5ee3f4559b4e",
        "is_verified": false,
        "line_number": 22,
        "is_secret": false
      }
    ],
    "tests/test_credential_fields.py": [
      {
        "type": "Secret Keyword",
        "filename": "tests/test_credential_fields.py",
        "hashed_secret": "2e0258287a7722a65591c7738ee73d3c9211f5d8",
        "is_verified": false,
        "line_number": 38,
        "is_secret": false
      },
      {
        "type": "Secret Keyword",
        "filename": "tests/test_credential_fields.py",
        "hashed_secret": "863ece6330f6ca9de925567b257e8d1246c69463",
        "is_verified": false,
        "line_number": 62,
        "is_secret": false
      },
      {
        "type": "Secret Keyword",
        "filename": "tests/test_credential_fields.py",
        "hashed_secret": "f4cf0540ccac214f73a898197b61f7fef09e89e8",
        "is_verified": false,
        "line_number": 64,
        "is_secret": false
      },
      {
        "type": "Secret Keyword",
        "filename": "tests/test_credential_fields.py",
        "hashed_secret": "2ae3ff7deca80b659352afe18c6f9d1c9836817b",
        "is_verified": false,
        "line_number": 82,
        "is_secret": false
      }
    ],
    "tests/test_interface_catalog.py": [
      {
        "type": "Secret Keyword",
        "filename": "tests/test_interface_catalog.py",
        "hashed_secret": "e80721793c24ae14edfca9b26ad406a9815cd3ff",
        "is_verified": false,
        "line_number": 14,
        "is_secret": false
      }
    ],
    "tests/test_phase2.py": [
      {
        "type": "Secret Keyword",
        "filename": "tests/test_phase2.py",
        "hashed_secret": "6f6adbb74345b42924c83aa2f450ce239d45cb26",
        "is_verified": false,
        "line_number": 257,
        "is_secret": false
      },
      {
        "type": "Basic Auth Credentials",
        "filename": "tests/test_phase2.py",
        "hashed_secret": "9d4e1e23bd5b727046a9e3b4b7db57bd8d6ee684",
        "is_verified": false,
        "line_number": 269,
        "is_secret": false
      },
      {
        "type": "Secret Keyword",
        "filename": "tests/test_phase2.py",
        "hashed_secret": "829c3804401b0727f70f73d4415e162400cbe57b",
        "is_verified": false,
        "line_number": 307,
        "is_secret": false
      }
    ],
    "tests/test_project_store.py": [
      {
        "type": "Secret Keyword",
        "filename": "tests/test_project_store.py",
        "hashed_secret": "c861cb16abb8ff4419eaec5987e514993b2c7c2f",
        "is_verified": false,
        "line_number": 90,
        "is_secret": false
      },
      {
        "type": "Secret Keyword",
        "filename": "tests/test_project_store.py",
        "hashed_secret": "c593cf0901d2bc3c92e725b8c38e8546c8212585",
        "is_verified": false,
        "line_number": 92,
        "is_secret": false
      },
      {
        "type": "Secret Keyword",
        "filename": "tests/test_project_store.py",
        "hashed_secret": "b50c4f71a68b84b727865c77f346e9f1e98da60e",
        "is_verified": false,
        "line_number": 93,
        "is_secret": false
      }
    ],
    "tests/test_site_reference.py": [
      {
        "type": "Secret Keyword",
        "filename": "tests/test_site_reference.py",
        "hashed_secret": "dae4772611b2c349a1167c87fb9132ef078c0bce",
        "is_verified": false,
        "line_number": 43,
        "is_secret": false
      },
      {
        "type": "Secret Keyword",
        "filename": "tests/test_site_reference.py",
        "hashed_secret": "edf38d174837919ebd08f9b28f3deabef300e033",
        "is_verified": false,
        "line_number": 123,
        "is_secret": false
      }
    ],
    "tools/check_container.py": [
      {
        "type": "Secret Keyword",
        "filename": "tools/check_container.py",
        "hashed_secret": "2e0258287a7722a65591c7738ee73d3c9211f5d8",
        "is_verified": false,
        "line_number": 145,
        "is_secret": false
      },
      {
        "type": "Secret Keyword",
        "filename": "tools/check_container.py",
        "hashed_secret": "1dca016c8da043d0311f6bf6d570e00cc0e0ddc6",
        "is_verified": false,
        "line_number": 146,
        "is_secret": false
      }
    ],
    "ui/customer-example.env": [
      {
        "type": "Secret Keyword",
        "filename": "ui/customer-example.env",
        "hashed_secret": "1e3667aaaaa887721550cf5cc8a0c5c5760810ed",
        "is_verified": false,
        "line_number": 10,
        "is_secret": false
      },
      {
        "type": "Secret Keyword",
        "filename": "ui/customer-example.env",
        "hashed_secret": "373ab2d7033563100e472f1fba5249e99ea45a76",
        "is_verified": false,
        "line_number": 17,
        "is_secret": false
      }
    ]
  },
  "generated_at": "2026-10-05T20:35:48Z"
}
